$ bun ./packages/opencode/script/dev-web.ts
INFO  2026-04-28T12:16:17 +289ms service=default version=local args=["serve","--hostname","127.0.0.1","--port","3000","--print-logs"] process_role=main run_id=5d823d5f-64a0-42b6-8c31-6fae2aeb8c21 opencode
Performing one time database migration, may take a few minutes...
INFO  2026-04-28T12:16:17 +37ms service=db path=E:\MyProgram\swarm\.swarm-data\opencode\opencode-local.db opening database
INFO  2026-04-28T12:16:17 +108ms service=db count=13 mode=dev applying migrations
INFO  2026-04-28T12:16:17 +22ms service=json-migration storage directory does not exist, skipping migration
sqlite-migration:done
Database migration complete.
INFO  2026-04-28T12:16:17 +78ms service=file init
INFO  2026-04-28T12:16:17 +121ms service=config path=E:\MyProgram\swarm\.swarm-config\opencode\config.json loading
INFO  2026-04-28T12:16:17 +3ms service=config path=E:\MyProgram\swarm\.swarm-config\opencode\opencode.json loading
ERROR 2026-04-28T12:16:17 +1ms service=models.dev error=Unable to connect. Is the computer able to access the url? Failed to fetch models.dev
INFO  2026-04-28T12:16:17 +1ms service=config path=E:\MyProgram\swarm\.swarm-config\opencode\opencode.jsonc loading
INFO  2026-04-28T12:16:18 +180ms service=server method=GET path=/global/event request
INFO  2026-04-28T12:16:18 +0ms service=server status=started method=GET path=/global/event request
INFO  2026-04-28T12:16:18 +1ms service=server global event connected
INFO  2026-04-28T12:16:18 +26ms service=server status=completed duration=27 method=GET path=/global/event request
INFO  2026-04-28T12:16:18 +24ms service=server method=GET path=/global/config request
INFO  2026-04-28T12:16:18 +1ms service=server status=started method=GET path=/global/config request
INFO  2026-04-28T12:16:18 +30ms service=server status=completed duration=31 method=GET path=/global/config request
INFO  2026-04-28T12:16:18 +9ms service=server method=GET path=/provider request
INFO  2026-04-28T12:16:18 +7ms service=server status=started method=GET path=/provider request
INFO  2026-04-28T12:16:18 +5ms service=default directory=E:\MyProgram\swarm\packages\opencode creating instance
INFO  2026-04-28T12:16:18 +5ms service=project directory=E:\MyProgram\swarm\packages\opencode fromDirectory
INFO  2026-04-28T12:16:18 +3ms service=server method=GET path=/path request
INFO  2026-04-28T12:16:18 +18ms service=server status=started method=GET path=/path request
INFO  2026-04-28T12:16:18 +3ms service=server method=GET path=/project request
INFO  2026-04-28T12:16:18 +0ms service=server status=started method=GET path=/project request
ERROR 2026-04-28T12:16:18 +70ms service=server error=EPERM: operation not permitted, uv_spawn 'git' failed
ERROR 2026-04-28T12:16:18 +0ms service=server error=EPERM: operation not permitted, uv_spawn 'git' failed
ERROR 2026-04-28T12:16:18 +1ms service=server error=EPERM: operation not permitted, uv_spawn 'git' failed
INFO  2026-04-28T12:16:18 +2ms service=server status=completed duration=107 method=GET path=/provider request
INFO  2026-04-28T12:16:18 +1ms service=server status=completed duration=77 method=GET path=/path request
INFO  2026-04-28T12:16:18 +0ms service=server status=completed duration=74 method=GET path=/project request
